
> datagod-app@0.1.0 build
> next build

   Γû▓ Next.js 15.5.6
   - Environments: .env.local

   Creating an optimized production build ...
 Γ£ô Compiled successfully in 14.8s
   Linting and checking validity of types ...

./app/admin/orders/page.tsx
50:10  Warning: 'loadingPending' is assigned a value but never used.  @typescript-eslint/no-unused-vars
51:10  Warning: 'loadingDownloaded' is assigned a value but never used.  @typescript-eslint/no-unused-vars
56:6  Warning: React Hook useEffect has a missing dependency: 'checkAdminAccess'. Either include it or remove the dependency array.  react-hooks/exhaustive-deps
116:36  Warning: Unexpected any. Specify a different type.  @typescript-eslint/no-explicit-any
340:55  Warning: Unexpected any. Specify a different type.  @typescript-eslint/no-explicit-any

./app/admin/packages/page.tsx
6:29  Warning: 'CardDescription' is defined but never used.  @typescript-eslint/no-unused-vars
10:10  Warning: 'Badge' is defined but never used.  @typescript-eslint/no-unused-vars
37:10  Warning: 'loading' is assigned a value but never used.  @typescript-eslint/no-unused-vars
50:6  Warning: React Hook useEffect has a missing dependency: 'checkAdminAccess'. Either include it or remove the dependency array.  react-hooks/exhaustive-deps
110:21  Warning: Unexpected any. Specify a different type.  @typescript-eslint/no-explicit-any
134:21  Warning: Unexpected any. Specify a different type.  @typescript-eslint/no-explicit-any

./app/admin/page.tsx
27:10  Warning: 'loading' is assigned a value but never used.  @typescript-eslint/no-unused-vars
32:6  Warning: React Hook useEffect has a missing dependency: 'checkAdminAccess'. Either include it or remove the dependency array.  react-hooks/exhaustive-deps

./app/admin/shops/page.tsx
6:29  Warning: 'CardDescription' is defined but never used.  @typescript-eslint/no-unused-vars
30:10  Warning: 'loading' is assigned a value but never used.  @typescript-eslint/no-unused-vars
34:50  Warning: Unexpected any. Specify a different type.  @typescript-eslint/no-explicit-any
38:6  Warning: React Hook useEffect has a missing dependency: 'checkAdminAccess'. Either include it or remove the dependency array.  react-hooks/exhaustive-deps
95:21  Warning: Unexpected any. Specify a different type.  @typescript-eslint/no-explicit-any
109:21  Warning: Unexpected any. Specify a different type.  @typescript-eslint/no-explicit-any
297:122  Warning: Unexpected any. Specify a different type.  @typescript-eslint/no-explicit-any
301:122  Warning: Unexpected any. Specify a different type.  @typescript-eslint/no-explicit-any

./app/admin/users/page.tsx
6:29  Warning: 'CardDescription' is defined but never used.  @typescript-eslint/no-unused-vars
11:60  Warning: 'DialogDescription' is defined but never used.  @typescript-eslint/no-unused-vars
23:10  Warning: Unexpected any. Specify a different type.  @typescript-eslint/no-explicit-any
29:10  Warning: 'loading' is assigned a value but never used.  @typescript-eslint/no-unused-vars
40:6  Warning: React Hook useEffect has a missing dependency: 'checkAdminAccess'. Either include it or remove the dependency array.  react-hooks/exhaustive-deps
85:21  Warning: Unexpected any. Specify a different type.  @typescript-eslint/no-explicit-any
113:21  Warning: Unexpected any. Specify a different type.  @typescript-eslint/no-explicit-any
126:21  Warning: Unexpected any. Specify a different type.  @typescript-eslint/no-explicit-any

./app/admin-setup/page.tsx
14:50  Warning: Unexpected any. Specify a different type.  @typescript-eslint/no-explicit-any
58:21  Warning: Unexpected any. Specify a different type.  @typescript-eslint/no-explicit-any
88:21  Warning: Unexpected any. Specify a different type.  @typescript-eslint/no-explicit-any

./app/api/admin/orders/download/route.ts
48:46  Warning: Unexpected any. Specify a different type.  @typescript-eslint/no-explicit-any
49:28  Warning: Unexpected any. Specify a different type.  @typescript-eslint/no-explicit-any
92:40  Warning: Unexpected any. Specify a different type.  @typescript-eslint/no-explicit-any

./app/api/admin/packages/delete/route.ts
35:19  Warning: Unexpected any. Specify a different type.  @typescript-eslint/no-explicit-any

./app/api/admin/packages/route.ts
51:19  Warning: Unexpected any. Specify a different type.  @typescript-eslint/no-explicit-any

./app/api/admin/set-admin/route.ts
38:19  Warning: Unexpected any. Specify a different type.  @typescript-eslint/no-explicit-any

./app/api/admin/set-admin-by-email/route.ts
52:19  Warning: Unexpected any. Specify a different type.  @typescript-eslint/no-explicit-any

./app/api/admin/users/route.ts
7:27  Warning: 'req' is defined but never used.  @typescript-eslint/no-unused-vars
40:34  Warning: Unexpected any. Specify a different type.  @typescript-eslint/no-explicit-any
41:38  Warning: Unexpected any. Specify a different type.  @typescript-eslint/no-explicit-any
60:58  Warning: Unexpected any. Specify a different type.  @typescript-eslint/no-explicit-any
76:19  Warning: Unexpected any. Specify a different type.  @typescript-eslint/no-explicit-any

./app/api/auth/signup/route.ts
47:19  Warning: Unexpected any. Specify a different type.  @typescript-eslint/no-explicit-any

./app/api/dashboard/stats/route.ts
30:32  Warning: Unexpected any. Specify a different type.  @typescript-eslint/no-explicit-any

./app/api/shop/setup/route.ts
12:13  Warning: 'data' is assigned a value but never used.  @typescript-eslint/no-unused-vars

./app/auth/forgot-password/page.tsx
34:21  Warning: Unexpected any. Specify a different type.  @typescript-eslint/no-explicit-any
71:21  Warning: Unexpected any. Specify a different type.  @typescript-eslint/no-explicit-any

./app/auth/login/page.tsx
15:9  Warning: 'router' is assigned a value but never used.  @typescript-eslint/no-unused-vars
51:21  Warning: Unexpected any. Specify a different type.  @typescript-eslint/no-explicit-any
120:18  Warning: `'` can be escaped with `&apos;`, `&lsquo;`, `&#39;`, `&rsquo;`.  react/no-unescaped-entities

./app/auth/signup/page.tsx
67:21  Warning: Unexpected any. Specify a different type.  @typescript-eslint/no-explicit-any

./app/dashboard/afa-orders/page.tsx
7:36  Warning: 'AlertCircle' is defined but never used.  @typescript-eslint/no-unused-vars

./app/dashboard/complaints/page.tsx
6:10  Warning: 'Badge' is defined but never used.  @typescript-eslint/no-unused-vars

./app/dashboard/data-packages/page.tsx
5:29  Warning: 'CardDescription' is defined but never used.  @typescript-eslint/no-unused-vars
28:10  Warning: 'loading' is assigned a value but never used.  @typescript-eslint/no-unused-vars
164:21  Warning: Using `<img>` could result in slower LCP and higher bandwidth. Consider using `<Image />` from `next/image` or a custom image loader to automatically optimize images. This may incur additional usage or cost from your provider. See: https://nextjs.org/docs/messages/no-img-element  @next/next/no-img-element
226:29  Warning: Using `<img>` could result in slower LCP and higher bandwidth. Consider using `<Image />` from `next/image` or a custom image loader to automatically optimize images. This may incur additional usage or cost from your provider. See: https://nextjs.org/docs/messages/no-img-element  @next/next/no-img-element

./app/dashboard/my-orders/page.tsx
6:10  Warning: 'Badge' is defined but never used.  @typescript-eslint/no-unused-vars

./app/dashboard/my-shop/page.tsx
16:23  Warning: 'Check' is defined but never used.  @typescript-eslint/no-unused-vars
22:36  Warning: Unexpected any. Specify a different type.  @typescript-eslint/no-explicit-any
23:44  Warning: Unexpected any. Specify a different type.  @typescript-eslint/no-explicit-any
24:50  Warning: Unexpected any. Specify a different type.  @typescript-eslint/no-explicit-any
41:6  Warning: React Hook useEffect has a missing dependency: 'loadShopData'. Either include it or remove the dependency array.  react-hooks/exhaustive-deps
55:28  Warning: Unexpected any. Specify a different type.  @typescript-eslint/no-explicit-any
70:29  Warning: Unexpected any. Specify a different type.  @typescript-eslint/no-explicit-any
74:21  Warning: Unexpected any. Specify a different type.  @typescript-eslint/no-explicit-any
125:13  Warning: 'addedPkg' is assigned a value but never used.  @typescript-eslint/no-unused-vars
138:21  Warning: Unexpected any. Specify a different type.  @typescript-eslint/no-explicit-any
155:9  Warning: 'getShopPackageDetails' is assigned a value but never used.  @typescript-eslint/no-unused-vars
155:47  Warning: Unexpected any. Specify a different type.  @typescript-eslint/no-explicit-any
243:21  Warning: Using `<img>` could result in slower LCP and higher bandwidth. Consider using `<Image />` from `next/image` or a custom image loader to automatically optimize images. This may incur additional usage or cost from your provider. See: https://nextjs.org/docs/messages/no-img-element  @next/next/no-img-element
282:35  Warning: Unexpected any. Specify a different type.  @typescript-eslint/no-explicit-any
314:17  Warning: Using `<img>` could result in slower LCP and higher bandwidth. Consider using `<Image />` from `next/image` or a custom image loader to automatically optimize images. This may incur additional usage or cost from your provider. See: https://nextjs.org/docs/messages/no-img-element  @next/next/no-img-element
411:23  Warning: Using `<img>` could result in slower LCP and higher bandwidth. Consider using `<Image />` from `next/image` or a custom image loader to automatically optimize images. This may incur additional usage or cost from your provider. See: https://nextjs.org/docs/messages/no-img-element  @next/next/no-img-element

./app/dashboard/page.tsx
8:62  Warning: 'Moon' is defined but never used.  @typescript-eslint/no-unused-vars
24:10  Warning: 'userEmail' is assigned a value but never used.  @typescript-eslint/no-unused-vars
138:53  Warning: `'` can be escaped with `&apos;`, `&lsquo;`, `&#39;`, `&rsquo;`.  react/no-unescaped-entities
138:60  Warning: `'` can be escaped with `&apos;`, `&lsquo;`, `&#39;`, `&rsquo;`.  react/no-unescaped-entities
145:75  Warning: `'` can be escaped with `&apos;`, `&lsquo;`, `&#39;`, `&rsquo;`.  react/no-unescaped-entities

./app/dashboard/profile/page.tsx
8:16  Warning: 'Mail' is defined but never used.  @typescript-eslint/no-unused-vars
8:22  Warning: 'Phone' is defined but never used.  @typescript-eslint/no-unused-vars
8:29  Warning: 'Briefcase' is defined but never used.  @typescript-eslint/no-unused-vars

./app/dashboard/shop-dashboard/page.tsx
14:73  Warning: 'Copy' is defined but never used.  @typescript-eslint/no-unused-vars
19:36  Warning: Unexpected any. Specify a different type.  @typescript-eslint/no-explicit-any
21:10  Warning: 'profits' is assigned a value but never used.  @typescript-eslint/no-unused-vars
21:42  Warning: Unexpected any. Specify a different type.  @typescript-eslint/no-explicit-any
24:50  Warning: Unexpected any. Specify a different type.  @typescript-eslint/no-explicit-any
25:40  Warning: Unexpected any. Specify a different type.  @typescript-eslint/no-explicit-any
36:6  Warning: React Hook useEffect has a missing dependency: 'loadDashboardData'. Either include it or remove the dependency array.  react-hooks/exhaustive-deps
103:29  Warning: Unexpected any. Specify a different type.  @typescript-eslint/no-explicit-any
157:9  Warning: 'completedWithdrawals' is assigned a value but never used.  @typescript-eslint/no-unused-vars

./app/dashboard/transactions/page.tsx
34:63  Warning: `'` can be escaped with `&apos;`, `&lsquo;`, `&#39;`, `&rsquo;`.  react/no-unescaped-entities
45:63  Warning: `'` can be escaped with `&apos;`, `&lsquo;`, `&#39;`, `&rsquo;`.  react/no-unescaped-entities
56:63  Warning: `'` can be escaped with `&apos;`, `&lsquo;`, `&#39;`, `&rsquo;`.  react/no-unescaped-entities

./app/shop/[slug]/order-confirmation/[orderId]/page.tsx
16:9  Warning: 'router' is assigned a value but never used.  @typescript-eslint/no-unused-vars
20:38  Warning: Unexpected any. Specify a different type.  @typescript-eslint/no-explicit-any
25:6  Warning: React Hook useEffect has a missing dependency: 'loadOrder'. Either include it or remove the dependency array.  react-hooks/exhaustive-deps

./app/shop/[slug]/page.tsx
12:56  Warning: 'Zap' is defined but never used.  @typescript-eslint/no-unused-vars
20:36  Warning: Unexpected any. Specify a different type.  @typescript-eslint/no-explicit-any
21:44  Warning: Unexpected any. Specify a different type.  @typescript-eslint/no-explicit-any
23:58  Warning: Unexpected any. Specify a different type.  @typescript-eslint/no-explicit-any
37:6  Warning: React Hook useEffect has a missing dependency: 'loadShopData'. Either include it or remove the dependency array.  react-hooks/exhaustive-deps
57:26  Warning: Unexpected any. Specify a different type.  @typescript-eslint/no-explicit-any
79:30  Warning: Unexpected any. Specify a different type.  @typescript-eslint/no-explicit-any
211:11  Warning: Using `<img>` could result in slower LCP and higher bandwidth. Consider using `<Image />` from `next/image` or a custom image loader to automatically optimize images. This may incur additional usage or cost from your provider. See: https://nextjs.org/docs/messages/no-img-element  @next/next/no-img-element
224:13  Warning: Using `<img>` could result in slower LCP and higher bandwidth. Consider using `<Image />` from `next/image` or a custom image loader to automatically optimize images. This may incur additional usage or cost from your provider. See: https://nextjs.org/docs/messages/no-img-element  @next/next/no-img-element
252:25  Warning: 'availableCount' is assigned a value but never used.  @typescript-eslint/no-unused-vars
267:27  Warning: Using `<img>` could result in slower LCP and higher bandwidth. Consider using `<Image />` from `next/image` or a custom image loader to automatically optimize images. This may incur additional usage or cost from your provider. See: https://nextjs.org/docs/messages/no-img-element  @next/next/no-img-element
278:91  Warning: `'` can be escaped with `&apos;`, `&lsquo;`, `&#39;`, `&rsquo;`.  react/no-unescaped-entities

./components/bulk-orders-form.tsx
16:10  Warning: 'Alert' is defined but never used.  @typescript-eslint/no-unused-vars
16:17  Warning: 'AlertDescription' is defined but never used.  @typescript-eslint/no-unused-vars
18:20  Warning: 'CheckCircle' is defined but never used.  @typescript-eslint/no-unused-vars
18:33  Warning: 'AlertCircle' is defined but never used.  @typescript-eslint/no-unused-vars
257:14  Warning: 'error' is defined but never used.  @typescript-eslint/no-unused-vars

./components/layout/header.tsx
25:14  Warning: 'error' is defined but never used.  @typescript-eslint/no-unused-vars

./components/theme-provider.tsx
6:55  Warning: Unexpected any. Specify a different type.  @typescript-eslint/no-explicit-any

./lib/admin-service.ts
37:21  Warning: Unexpected any. Specify a different type.  @typescript-eslint/no-explicit-any
44:51  Warning: Unexpected any. Specify a different type.  @typescript-eslint/no-explicit-any
59:21  Warning: Unexpected any. Specify a different type.  @typescript-eslint/no-explicit-any
81:21  Warning: Unexpected any. Specify a different type.  @typescript-eslint/no-explicit-any
99:21  Warning: Unexpected any. Specify a different type.  @typescript-eslint/no-explicit-any
314:62  Warning: Unexpected any. Specify a different type.  @typescript-eslint/no-explicit-any
325:48  Warning: Unexpected any. Specify a different type.  @typescript-eslint/no-explicit-any
381:21  Warning: Unexpected any. Specify a different type.  @typescript-eslint/no-explicit-any
443:27  Warning: Unexpected any. Specify a different type.  @typescript-eslint/no-explicit-any

./lib/auth.ts
4:59  Warning: Unexpected any. Specify a different type.  @typescript-eslint/no-explicit-any

./lib/database.ts
16:30  Warning: Unexpected any. Specify a different type.  @typescript-eslint/no-explicit-any
26:45  Warning: Unexpected any. Specify a different type.  @typescript-eslint/no-explicit-any
61:36  Warning: Unexpected any. Specify a different type.  @typescript-eslint/no-explicit-any
96:32  Warning: Unexpected any. Specify a different type.  @typescript-eslint/no-explicit-any
106:47  Warning: Unexpected any. Specify a different type.  @typescript-eslint/no-explicit-any
131:34  Warning: Unexpected any. Specify a different type.  @typescript-eslint/no-explicit-any
165:44  Warning: Unexpected any. Specify a different type.  @typescript-eslint/no-explicit-any
189:38  Warning: Unexpected any. Specify a different type.  @typescript-eslint/no-explicit-any
199:53  Warning: Unexpected any. Specify a different type.  @typescript-eslint/no-explicit-any
224:40  Warning: Unexpected any. Specify a different type.  @typescript-eslint/no-explicit-any
234:55  Warning: Unexpected any. Specify a different type.  @typescript-eslint/no-explicit-any

./lib/shop-service.ts
54:45  Warning: Unexpected any. Specify a different type.  @typescript-eslint/no-explicit-any
237:20  Warning: Unexpected any. Specify a different type.  @typescript-eslint/no-explicit-any
348:22  Warning: Unexpected any. Specify a different type.  @typescript-eslint/no-explicit-any
390:80  Warning: Unexpected any. Specify a different type.  @typescript-eslint/no-explicit-any
391:23  Warning: Unexpected any. Specify a different type.  @typescript-eslint/no-explicit-any
438:54  Warning: Unexpected any. Specify a different type.  @typescript-eslint/no-explicit-any

info  - Need to disable some ESLint rules? Learn more here: https://nextjs.org/docs/app/api-reference/config/eslint#disabling-rules
   Collecting page data ...
   Generating static pages (0/35) ...
   Generating static pages (8/35) 
   Generating static pages (17/35) 
   Generating static pages (26/35) 
 Γ£ô Generating static pages (35/35)
   Finalizing page optimization ...
   Collecting build traces ...

Route (app)                                       Size  First Load JS
Γöî Γùï /                                          3.34 kB         118 kB
Γö£ Γùï /_not-found                                  994 B         103 kB
Γö£ Γùï /admin                                     3.41 kB         212 kB
Γö£ Γùï /admin-setup                               3.11 kB         174 kB
Γö£ Γùï /admin/orders                              4.42 kB         213 kB
Γö£ Γùï /admin/packages                            4.42 kB         213 kB
Γö£ Γùï /admin/shops                               5.57 kB         217 kB
Γö£ Γùï /admin/users                               4.92 kB         217 kB
Γö£ ╞Æ /api/admin/orders/batches                    159 B         102 kB
Γö£ ╞Æ /api/admin/orders/download                   159 B         102 kB
Γö£ ╞Æ /api/admin/orders/pending                    159 B         102 kB
Γö£ ╞Æ /api/admin/packages                          159 B         102 kB
Γö£ ╞Æ /api/admin/packages/delete                   159 B         102 kB
Γö£ ╞Æ /api/admin/set-admin                         159 B         102 kB
Γö£ ╞Æ /api/admin/set-admin-by-email                159 B         102 kB
Γö£ ╞Æ /api/admin/users                             159 B         102 kB
Γö£ ╞Æ /api/auth/signup                             159 B         102 kB
Γö£ ╞Æ /api/dashboard/stats                         159 B         102 kB
Γö£ ╞Æ /api/shop/setup                              159 B         102 kB
Γö£ Γùï /auth/forgot-password                         4 kB         179 kB
Γö£ Γùï /auth/login                                3.92 kB         179 kB
Γö£ Γùï /auth/signup                               4.12 kB         179 kB
Γö£ Γùï /dashboard                                 14.2 kB         223 kB
Γö£ Γùï /dashboard/afa-orders                      1.35 kB         210 kB
Γö£ Γùï /dashboard/complaints                       1.6 kB         211 kB
Γö£ Γùï /dashboard/data-packages                   4.35 kB         213 kB
Γö£ Γùï /dashboard/my-orders                        1.4 kB         210 kB
Γö£ Γùï /dashboard/my-shop                         4.92 kB         218 kB
Γö£ Γùï /dashboard/profile                         2.16 kB         211 kB
Γö£ Γùï /dashboard/shop-dashboard                  3.16 kB         216 kB
Γö£ Γùï /dashboard/transactions                    1.61 kB         211 kB
Γö£ Γùï /dashboard/wallet                          1.54 kB         210 kB
Γö£ ╞Æ /shop/[slug]                               7.22 kB         178 kB
Γöö ╞Æ /shop/[slug]/order-confirmation/[orderId]  5.53 kB         180 kB
+ First Load JS shared by all                   102 kB
  Γö£ chunks/1255-64d514cdae386b7c.js            45.7 kB
  Γö£ chunks/4bd1b696-f785427dddbba9fb.js        54.2 kB
  Γöö other shared chunks (total)                2.01 kB


╞Æ Middleware                                   33.9 kB

Γùï  (Static)   prerendered as static content
╞Æ  (Dynamic)  server-rendered on demand

